// Jest Snapshot v1, https://goo.gl/fbAQLP

exports[`App.test.js has the expected html structure 1`] = `
<div
  class="checkout"
>
  <theshippingstep-stub />
   
  <thepaymentstep-stub />
   
  <thesuccessstep-stub />
   
  <productslist-stub />
   
  <totalsdata-stub />
</div>
`;
